[expresscourierlimited.com/index.html]
[backblue.gif]
[fade.gif]
[index.html]
[expresscourierlimited.com/wp-content/cache/min/1/7d106dbe116e9bdba61a1111e627559f.css]
[expresscourierlimited.com/index-2.html]
[expresscourierlimited.com/wp-includes/js/jquery/jquery.min9d529d52.js]
[expresscourierlimited.com/wp-json/index.html]
[expresscourierlimited.com/wp-json/wp/v2/pages/950.json]
[expresscourierlimited.com/wp-json/oembed/1.0/embed7466dd6c.json]
[expresscourierlimited.com/wp-content/uploads/2019/04/omni_favicon.png]
[expresscourierlimited.com/our-solutions/index.html]
[expresscourierlimited.com/our-solutions/freight-forwarding/index.html]
[expresscourierlimited.com/our-solutions/freight-forwarding/time-critical-logistics/index.html]
[expresscourierlimited.com/our-solutions/freight-forwarding/air-freight/index.html]
[expresscourierlimited.com/our-solutions/freight-forwarding/ground-freight/index.html]
[expresscourierlimited.com/our-solutions/freight-forwarding/managed-pickup-delivery/index.html]
[expresscourierlimited.com/our-solutions/freight-forwarding/white-glove/index.html]
[expresscourierlimited.com/our-solutions/freight-forwarding/ocean-freight/index.html]
[expresscourierlimited.com/our-solutions/freight-forwarding/small-package-solutions/index.html]
[expresscourierlimited.com/our-solutions/warehousing-distribution/index.html]
[expresscourierlimited.com/our-solutions/warehousing-distribution/global-3pl-services/index.html]
[expresscourierlimited.com/our-solutions/warehousing-distribution/free-trade-zone-solutions/index.html]
[expresscourierlimited.com/our-solutions/warehousing-distribution/cross-dock-logistics/index.html]
[expresscourierlimited.com/our-solutions/warehousing-distribution/kitting-services/index.html]
[expresscourierlimited.com/our-solutions/specialized-services/trade-show-logistics/index.html]
[expresscourierlimited.com/our-solutions/specialized-services/data-center-laboratory-relocations/index.html]
[expresscourierlimited.com/our-solutions/specialized-services/value-added-services/index.html]
[expresscourierlimited.com/our-solutions/specialized-services/reverse-logistics/index.html]
[expresscourierlimited.com/our-solutions/specialized-services/project-cargo/index.html]
[expresscourierlimited.com/our-solutions/customs-brokerage-trade-compliance/u-s-customs-brokerage/index.html]
[expresscourierlimited.com/our-solutions/customs-brokerage-trade-compliance/global-customs-and-compliance/index.html]
[expresscourierlimited.com/our-solutions/technology/index.html]
[expresscourierlimited.com/industry-expertise/semiconductor-logistics/index.html]
[expresscourierlimited.com/industry-expertise/high-tech-logistics/index.html]
[expresscourierlimited.com/industry-expertise/medical-device-logistics/index.html]
[expresscourierlimited.com/industry-expertise/life-science-logistics/index.html]
[expresscourierlimited.com/industry-expertise/e-commerce-logistics/index.html]
[expresscourierlimited.com/industry-expertise/retail-logistics/index.html]
[expresscourierlimited.com/industry-expertise/aviation-and-aerospace-logistics/index.html]
[expresscourierlimited.com/industry-expertise/automotive-supply-chain/index.html]
[expresscourierlimited.com/locations/index.html]
[expresscourierlimited.com/about-us/leadership/index.html]
[expresscourierlimited.com/about-us/company-introduction-culture/index.html]
[expresscourierlimited.com/about-us/careers/index.html]
[expresscourierlimited.com/contact-us/index.html]
[expresscourierlimited.com/wp-content/uploads/2020/11/omni_logistics_logo_tagline-1.png]
[expresscourierlimited.com/resources/index.html]
[expresscourierlimited.com/wp-content/uploads/2020/02/freight-forwarding-drop-down-199x93.jpg]
[expresscourierlimited.com/wp-content/uploads/2020/02/warehouse-and-distribution-dropdown-199x93.jpg]
[expresscourierlimited.com/wp-content/uploads/2020/02/specialized-services-dropdown-199x93.jpg]
[expresscourierlimited.com/wp-content/uploads/2019/05/dropdown4-new.jpg]
[expresscourierlimited.com/wp-content/uploads/2020/02/Technology-drop-down-199x93.jpg]
[expresscourierlimited.com/wp-content/uploads/2020/02/semiconductor-logistics-drop-down-199x93.jpg]
[expresscourierlimited.com/wp-content/uploads/2020/02/hi-tech-logistics-drop-down-199x93.jpg]
[expresscourierlimited.com/wp-content/uploads/2020/02/medical-device-drop-down-199x93.jpg]
[expresscourierlimited.com/wp-content/uploads/2019/05/shutterstock_691541095.png]
[expresscourierlimited.com/wp-content/uploads/2020/02/e-commerce-drop-down-199x93.jpg]
[expresscourierlimited.com/wp-content/uploads/2020/02/retail-logistics-drop-down-199x93.jpg]
[expresscourierlimited.com/wp-content/uploads/2020/02/aviation-aerospace-drop-down-199x93.jpg]
[expresscourierlimited.com/wp-content/uploads/2020/12/Automotive-Logistics-Menu-199x93.jpg]
[expresscourierlimited.com/company-updates/index.html]
[expresscourierlimited.com/wp-content/uploads/2020/02/Omni-Emloyee-working-customer-service-4k-1920x1080-1.jpg]
[expresscourierlimited.com/wp-content/uploads/2019/06/Omni_Logistics_32mb.mp4]
[expresscourierlimited.com/wp-content/uploads/2019/05/Omni_Logistics.webm]
[expresscourierlimited.com/wp-content/themes/omnilogistics/images/mouse-icon.svg]
[expresscourierlimited.com/wp-content/themes/omnilogistics/images/arrow-bottom.svg]
[expresscourierlimited.com/wp-content/uploads/2019/05/people-scroll-1.png]
[expresscourierlimited.com/wp-content/uploads/2019/05/woman_hands.png]
[expresscourierlimited.com/wp-content/uploads/2019/05/people-scroll-3.png]
[expresscourierlimited.com/wp-content/uploads/2019/05/people-scroll-4.png]
[expresscourierlimited.com/wp-content/uploads/2019/05/people-scroll-5.png]
[expresscourierlimited.com/wp-content/uploads/2020/02/GroupShot-logistics-team.jpg]
[expresscourierlimited.com/wp-content/uploads/2019/03/world-315x137.png]
[expresscourierlimited.com/wp-content/uploads/2020/02/white-glove-delivery-397x250.jpg]
[expresscourierlimited.com/wp-content/uploads/2020/02/3pl-logistics-services.jpg]
[expresscourierlimited.com/wp-content/uploads/2020/02/global-trade-compliance-map-397x250.jpg]
[expresscourierlimited.com/wp-content/uploads/2020/11/omni_logistics_logo_tagline_reversed.png]
[expresscourierlimited.com/business-terms/index.html]
[expresscourierlimited.com/privacy-policy/index.html]
[expresscourierlimited.com/sitemap/index.html]
[expresscourierlimited.com/www.google.com/recaptcha/api89ae89ae.js]
[expresscourierlimited.com/wp-content/cache/min/1/7315b25e881bc8d4eca78687b677de00.js]
[expresscourierlimited.com/wp-content/plugins/gravityforms/images/spinner.gif]
[expresscourierlimited.com/index.html]
[expresscourierlimited.com/cdnjs.cloudflare.com/ajax/libs/OwlCarousel2/2.3.4/assets/owl.carousel.min.css]
[expresscourierlimited.com/wp-content/plugins/webtoffee-gdpr-cookie-consent/public/images/cli_placeholder.svg]
[expresscourierlimited.com/wp-content/themes/omnilogistics/images/arrow-select.png]
[expresscourierlimited.com/wp-content/themes/omnilogistics/images/reset.png]
[expresscourierlimited.com/wp-content/themes/omnilogistics/fonts/bold.otf]
[expresscourierlimited.com/wp-content/themes/omnilogistics/fonts/light.otf]
[expresscourierlimited.com/wp-content/themes/omnilogistics/fonts/semibold.otf]
[expresscourierlimited.com/wp-content/themes/omnilogistics/fonts/thin.otf]
[expresscourierlimited.com/wp-content/themes/omnilogistics/fonts/medium.otf]
[expresscourierlimited.com/wp-content/themes/omnilogistics/fonts/regular.otf]
[expresscourierlimited.com/wp-content/themes/omnilogistics/images/tracking-mobile-image.png]
[expresscourierlimited.com/wp-content/themes/omnilogistics/images/login-icon.png]
[expresscourierlimited.com/wp-content/themes/omnilogistics/images/search-icon.png]
[expresscourierlimited.com/wp-content/themes/omnilogistics/images/btn-arrow.svg]
[expresscourierlimited.com/wp-content/themes/omnilogistics/images/arrow-red.svg]
[expresscourierlimited.com/wp-content/themes/omnilogistics/images/phone.png]
[expresscourierlimited.com/wp-content/themes/omnilogistics/images/menu-btn-icon.png]
[expresscourierlimited.com/wp-content/themes/omnilogistics/images/close-button.png]
[expresscourierlimited.com/wp-content/themes/omnilogistics/images/shipment.png]
[expresscourierlimited.com/wp-content/themes/omnilogistics/images/arrow-red.png]
[expresscourierlimited.com/wp-content/themes/omnilogistics/images/download_icon.gif]
[expresscourierlimited.com/wp-content/themes/omnilogistics/images/space-bg.jpg]
[expresscourierlimited.com/wp-content/themes/omnilogistics/images/slider-arrow.jpg]
[expresscourierlimited.com/wp-content/plugins/elementor/assets/lib/eicons/fonts/eiconsa481a481.woff2]
[expresscourierlimited.com/wp-content/plugins/elementor/assets/lib/eicons/fonts/eiconsa481a481.eot]
[expresscourierlimited.com/wp-content/plugins/elementor/assets/lib/eicons/fonts/eiconsa481a481.woff]
[expresscourierlimited.com/wp-content/plugins/elementor/assets/lib/eicons/fonts/eiconsa481a481.ttf]
[expresscourierlimited.com/wp-content/cache/min/1/7d106dbe116e9bdba61a1111e627559f.css]
[expresscourierlimited.com/index-2.html]
[expresscourierlimited.com/feed/index.html]
[expresscourierlimited.com/comments/feed/index.html]
[expresscourierlimited.com/wp-json/index.html]
[expresscourierlimited.com/wp-json/oembed/1.0/embede163576e.html]
[expresscourierlimited.com/wp-content/plugins/elementor/assets/lib/eicons/fonts/eiconsa481a481.svg]
[expresscourierlimited.com/wp-content/cache/min/1/acf83042f86a6872579b8b75af4782b2.css]
[expresscourierlimited.com/wp-json/wp/v2/pages/134.json]
[expresscourierlimited.com/wp-json/oembed/1.0/embedb7f26e46.json]
[expresscourierlimited.com/wp-content/uploads/2019/03/solutions-icon1.png]
[expresscourierlimited.com/wp-content/uploads/2019/03/solutions-icon2.png]
[expresscourierlimited.com/wp-content/uploads/2019/03/solutions-icon3.png]
[expresscourierlimited.com/wp-content/uploads/2019/03/solutions-icon4.png]
[expresscourierlimited.com/wp-content/uploads/2019/03/solutions-icon5.png]
[expresscourierlimited.com/wp-content/uploads/2019/04/The-ultimate.jpg]
[expresscourierlimited.com/wp-content/uploads/2019/04/When-time.jpg]
[expresscourierlimited.com/wp-content/uploads/2019/04/Intelligent.jpg]
[expresscourierlimited.com/our-solutions/index.html]
[expresscourierlimited.com/wp-content/cache/min/1/0fd0a87d607bfc41d153544448fbe794.js]
[expresscourierlimited.com/wp-json/wp/v2/pages/547.json]
[expresscourierlimited.com/wp-content/cache/min/1/f720905123361af2f87c61996bc5fe32.css]
[expresscourierlimited.com/wp-json/oembed/1.0/embed4a315f6f.json]
[expresscourierlimited.com/wp-content/uploads/2019/05/TimeCritical_Nextflight-1.jpg]
[expresscourierlimited.com/wp-content/uploads/2019/05/AirFreight_Leaders_-1.jpg]
[expresscourierlimited.com/wp-content/uploads/2020/10/ground-freight-Semi-Trailer-Truck-On-The-Road.jpg]
[expresscourierlimited.com/wp-content/uploads/2019/05/Retail_3_customer.jpg]
[expresscourierlimited.com/wp-content/uploads/elementor/thumbs/white-glove-special-handling-engineers-e1600717103694-p3p968xtvwu8x1shzeukb2k7a4n7tppcqn8z20b79w.jpg]
[expresscourierlimited.com/wp-content/uploads/elementor/thumbs/Ocean-Freight-Logistics-Cargo-Ship-p3p968xtvwu8x1shzeukb2k7a4n7tppcqn8z20b79w.jpg]
[expresscourierlimited.com/wp-content/uploads/2020/02/Kitting-solutions-for-Retail-Logistics.jpg]
[expresscourierlimited.com/our-solutions/freight-forwarding/index.html]
[expresscourierlimited.com/wp-content/cache/min/1/37f8011b755ca5643cd35e234f3d6e00.css]
[expresscourierlimited.com/wp-json/wp/v2/pages/820.json]
[expresscourierlimited.com/wp-json/oembed/1.0/embedea100ecb.json]
[expresscourierlimited.com/wp-content/uploads/2019/10/Time-Critical-Airplane-Shipment-Next-Flight-Out-NFO.jpg]
[expresscourierlimited.com/industry-expertise/medical/index.html]
[expresscourierlimited.com/wp-content/uploads/2019/10/Time-Critical-On-Board-Courier-Hand-Carry-Delivery.jpg]
[expresscourierlimited.com/our-solutions/freight-forwarding/time-critical-logistics/index.html]
[expresscourierlimited.com/wp-json/wp/v2/pages/834.json]
[expresscourierlimited.com/wp-json/oembed/1.0/embedc381848b.json]
[expresscourierlimited.com/wp-content/uploads/2019/05/AirFreight_Leaders_.jpg]
[expresscourierlimited.com/wp-content/uploads/2019/05/AirFreight_Charter_-2.jpg]
[expresscourierlimited.com/our-solutions/freight-forwarding/air-freight/index.html]
[expresscourierlimited.com/wp-json/wp/v2/pages/1068.json]
[expresscourierlimited.com/wp-json/oembed/1.0/embed00526a66.json]
[expresscourierlimited.com/our-solutions/freight-forwarding/ground-freight/index.html]
[expresscourierlimited.com/wp-json/wp/v2/pages/1077.json]
[expresscourierlimited.com/wp-json/oembed/1.0/embedfec6163b.json]
[expresscourierlimited.com/our-solutions/freight-forwarding/managed-pickup-delivery/index.html]
[expresscourierlimited.com/wp-json/wp/v2/pages/1073.json]
[expresscourierlimited.com/wp-json/oembed/1.0/embeddca94749.json]
[expresscourierlimited.com/wp-content/uploads/2020/09/white-glove-special-handling-engineers-e1600717103694.jpg]
[expresscourierlimited.com/our-solutions/freight-forwarding/white-glove/index.html]
[expresscourierlimited.com/wp-json/wp/v2/pages/1085.json]
[expresscourierlimited.com/wp-json/oembed/1.0/embeda6dd1db8.json]
[expresscourierlimited.com/wp-content/uploads/2020/02/Ocean-Freighter-Shipping-Containers-Experience.jpg]
[expresscourierlimited.com/our-solutions/freight-forwarding/ocean-freight/index.html]
[expresscourierlimited.com/wp-json/wp/v2/pages/1095.json]
[expresscourierlimited.com/wp-json/oembed/1.0/embedf8413108.json]
[expresscourierlimited.com/wp-content/uploads/2020/02/Small-Package-Warehouse-Shipment.jpg]
[expresscourierlimited.com/our-solutions/freight-forwarding/small-package-solutions/index.html]
[expresscourierlimited.com/wp-content/cache/min/1/8fec511e89e8e0c13804b803bf0b0598.css]
[expresscourierlimited.com/wp-json/wp/v2/pages/586.json]
[expresscourierlimited.com/wp-json/oembed/1.0/embed8d53d408.json]
[expresscourierlimited.com/our-solutions/specialized-services/index.html]
[expresscourierlimited.com/wp-content/uploads/2019/05/GlobalCustoms_Team_.jpg]
[expresscourierlimited.com/wp-content/uploads/2020/02/Project-Cargo-Special-Transportation.jpg]
[expresscourierlimited.com/our-solutions/warehousing-distribution/_wp_link_placeholder.html]
[expresscourierlimited.com/wp-content/uploads/2020/02/Cross-Dock-Truck-Loading-Pallets.jpg]
[expresscourierlimited.com/our-solutions/warehousing-distribution/index.html]
[expresscourierlimited.com/wp-json/wp/v2/pages/1035.json]
[expresscourierlimited.com/wp-json/oembed/1.0/embedf63f1365.json]
[expresscourierlimited.com/wp-content/uploads/2020/02/3PL-USA-North-America.jpg]
[expresscourierlimited.com/locations/round-rock-texas/index.html]
[expresscourierlimited.com/locations/san-antonio-texas/index.html]
[expresscourierlimited.com/wp-content/uploads/2020/02/3PL-Asia-China-Services.jpg]
[expresscourierlimited.com/industry-expertise/e-commerce/index.html]
[expresscourierlimited.com/industry-expertise/led-lighting-logistics/index.html]
[expresscourierlimited.com/industry-expertise/semiconductor/index.html]
[expresscourierlimited.com/wp-content/uploads/2020/02/3PL-Europe-Services.jpg]
[expresscourierlimited.com/industry-expertise/energy-industry-logistics/index.html]
[expresscourierlimited.com/our-solutions/warehousing-distribution/global-3pl-services/index.html]
[expresscourierlimited.com/wp-json/wp/v2/pages/1081.json]
[expresscourierlimited.com/wp-json/oembed/1.0/embede7e2dd07.json]
[expresscourierlimited.com/our-solutions/warehousing-distribution/free-trade-zone-solutions/index.html]
[expresscourierlimited.com/wp-json/wp/v2/pages/1131.json]
[expresscourierlimited.com/wp-json/oembed/1.0/embed34d82509.json]
[expresscourierlimited.com/wp-content/uploads/2020/02/Cross-Docking-Logistics-Checking-label.jpg]
[expresscourierlimited.com/our-solutions/warehousing-distribution/cross-dock-logistics/index.html]
[expresscourierlimited.com/wp-json/wp/v2/pages/1137.json]
[expresscourierlimited.com/wp-json/oembed/1.0/embed39cb89d5.json]
[expresscourierlimited.com/wp-content/uploads/2020/02/Distribution-Kitting-Tracking-website.jpg]
[expresscourierlimited.com/wp-content/uploads/2020/02/Kitting-Benefits-working-in-warehouse-300x193.jpg]
[expresscourierlimited.com/our-solutions/warehousing-distribution/kitting-services/index.html]
[expresscourierlimited.com/wp-json/wp/v2/pages/856.json]
[expresscourierlimited.com/wp-json/oembed/1.0/embedcd121396.json]
[expresscourierlimited.com/wp-content/uploads/2020/02/Tradeshow-Floor-Fully-Set-up.jpg]
[expresscourierlimited.com/our-solutions/specialized-services/trade-show-logistics/index.html]
[expresscourierlimited.com/wp-content/cache/min/1/cb9cf185c551ca2b11e66a8c6de8e05e.js]
[expresscourierlimited.com/wp-json/wp/v2/pages/864.json]
[expresscourierlimited.com/wp-json/oembed/1.0/embed77679fe7.json]
[expresscourierlimited.com/wp-content/uploads/2020/02/Data-Center-Relocation-Logistics.jpg]
[expresscourierlimited.com/our-solutions/specialized-services/data-center-laboratory-relocations/index.html]
[expresscourierlimited.com/wp-json/wp/v2/pages/870.json]
[expresscourierlimited.com/wp-json/oembed/1.0/embeddaf4814e.json]
[expresscourierlimited.com/our-solutions/specialized-services/value-added-services/index.html]
[expresscourierlimited.com/wp-json/wp/v2/pages/876.json]
[expresscourierlimited.com/wp-json/oembed/1.0/embedf45de980.json]
[expresscourierlimited.com/wp-content/uploads/2020/02/Reverse-Logistics-Supply-Chain-Solutions.jpg]
[expresscourierlimited.com/wp-content/uploads/2020/02/Reverse-Logistics-IT-information-technology.jpg]
[expresscourierlimited.com/our-solutions/specialized-services/reverse-logistics/index.html]
[expresscourierlimited.com/wp-json/wp/v2/pages/888.json]
[expresscourierlimited.com/wp-json/oembed/1.0/embed6c3c2da9.json]
[expresscourierlimited.com/wp-content/uploads/2020/02/Project-Cargo-Innovative-thinking.jpg]
[expresscourierlimited.com/our-solutions/specialized-services/project-cargo/index.html]
[expresscourierlimited.com/wp-json/wp/v2/pages/1985.json]
[expresscourierlimited.com/wp-content/cache/min/1/5b7ed3a2188f1209127535aa36f5702a.css]
[expresscourierlimited.com/wp-json/oembed/1.0/embeddddd7134.json]
[expresscourierlimited.com/wp-content/uploads/2020/04/Omni-Trade-Services-Logo-BG.jpg]
[expresscourierlimited.com/wp-content/uploads/2020/04/US-customs-compliance-warehouse-seal.jpg]
[expresscourierlimited.com/wp-content/uploads/2019/05/USCustoms_Services_.jpg]
[expresscourierlimited.com/our-solutions/customs-brokerage-trade-compliance/u-s-customs-brokerage/index.html]
[expresscourierlimited.com/wp-content/cache/min/1/11f1c72d89ab5dc0a52c3f6b0340c8d1.css]
[expresscourierlimited.com/wp-json/wp/v2/pages/1969.json]
[expresscourierlimited.com/wp-json/oembed/1.0/embed77f2a5c7.json]
[expresscourierlimited.com/wp-content/uploads/2019/05/GlobalCustoms_ImportBrokerage.jpg]
[expresscourierlimited.com/wp-content/uploads/2019/05/GlobalTrade_Singapore.jpg]
[expresscourierlimited.com/wp-content/uploads/2019/05/GlobalTrade_China.jpg]
[expresscourierlimited.com/wp-content/uploads/2019/05/GlobalTrade_HonKong.jpg]
[expresscourierlimited.com/wp-content/uploads/2019/05/GlobalTrade_Mexico.jpg]
[expresscourierlimited.com/our-solutions/customs-brokerage-trade-compliance/global-customs-and-compliance/index.html]
[expresscourierlimited.com/wp-json/wp/v2/pages/563.json]
[expresscourierlimited.com/wp-json/oembed/1.0/embedaec66923.json]
[expresscourierlimited.com/wp-content/uploads/2020/02/Technology-Information-Test-of-Time.jpg]
[expresscourierlimited.com/our-solutions/technology/index.html]
[expresscourierlimited.com/wp-json/wp/v2/pages/133.json]
[expresscourierlimited.com/wp-json/oembed/1.0/embedebbf1041.json]
[expresscourierlimited.com/wp-content/uploads/2020/02/semiconductor-chip-trays-Woman-engineer-inspecting.jpg]
[expresscourierlimited.com/wp-content/uploads/2020/02/Semiconductor-Testing-Backend-Service-Machine.jpg]
[expresscourierlimited.com/wp-content/uploads/2020/02/Semiconductor-Specialty-Transportation-Crate.jpg]
[expresscourierlimited.com/wp-content/uploads/2020/02/semiconductors-warehouse-racking.jpg]
[expresscourierlimited.com/industry-expertise/semiconductor-logistics/index.html]
[expresscourierlimited.com/wp-json/wp/v2/pages/1310.json]
[expresscourierlimited.com/wp-json/oembed/1.0/embede6cb4c03.json]
[expresscourierlimited.com/wp-content/uploads/2020/02/High-Tech-Logistics-Pursuit-Computer.jpg]
[expresscourierlimited.com/wp-content/uploads/2020/02/Hi-Tech-Warehouse-Robot-Arm.jpg]
[expresscourierlimited.com/wp-content/uploads/2020/02/Transportation-Options-for-High-Tech-Logistics.jpg]
[expresscourierlimited.com/wp-content/uploads/2020/02/WMS-and-TMS-Technology-Solutions.jpg]
[expresscourierlimited.com/wp-content/uploads/2020/02/Warehouse-Technology-Man-with-Tablet.jpg]
[expresscourierlimited.com/industry-expertise/high-tech-logistics/index.html]
[expresscourierlimited.com/wp-json/wp/v2/pages/132.json]
[expresscourierlimited.com/wp-json/oembed/1.0/embedc7f36d38.json]
[expresscourierlimited.com/wp-content/uploads/2020/02/medical-device-Time-Critical-shipments.jpg]
[expresscourierlimited.com/wp-content/uploads/2020/02/medical-warehouse-technology.jpg]
[expresscourierlimited.com/wp-content/uploads/2020/02/secure-medical-logistics-facilities.jpg]
[expresscourierlimited.com/industry-expertise/medical-device-logistics/index.html]
[expresscourierlimited.com/wp-json/wp/v2/pages/1324.json]
[expresscourierlimited.com/wp-json/oembed/1.0/embed33d3995b.json]
[expresscourierlimited.com/wp-content/uploads/2020/02/Life-Scence-Secure-Transportation-movement.jpg]
[expresscourierlimited.com/wp-content/uploads/2020/02/Life-Scence-compliance-regulation.jpg]
[expresscourierlimited.com/industry-expertise/life-science-logistics/index.html]
[expresscourierlimited.com/wp-json/wp/v2/pages/131.json]
[expresscourierlimited.com/wp-json/oembed/1.0/embed84c346b2.json]
[expresscourierlimited.com/wp-content/uploads/2020/02/ecommerce-different-types.jpg]
[expresscourierlimited.com/wp-content/uploads/2020/02/e-commerce-kitting-packing.jpg]
[expresscourierlimited.com/wp-content/uploads/2020/02/ecommerce-logistics-transportation.jpg]
[expresscourierlimited.com/industry-expertise/e-commerce-logistics/index.html]
[expresscourierlimited.com/wp-json/wp/v2/pages/1391.json]
[expresscourierlimited.com/wp-json/oembed/1.0/embed1fa095ac.json]
[expresscourierlimited.com/wp-content/uploads/2020/02/Retail-Freight-Shipments.jpg]
[expresscourierlimited.com/wp-content/uploads/2020/02/Retail-Logistics-Customer-Service.jpg]
[expresscourierlimited.com/wp-content/uploads/2020/02/Retail-Logistics-Warehousing.jpg]
[expresscourierlimited.com/wp-content/uploads/2020/02/Reverse-Logistics-for-Retail.jpg]
[expresscourierlimited.com/wp-content/uploads/2020/02/Retail-Logistics-Transportation-Truck-unloading.jpg]
[expresscourierlimited.com/industry-expertise/retail-logistics/index.html]
[expresscourierlimited.com/wp-json/oembed/1.0/embed75ee5ed8.json]
[expresscourierlimited.com/wp-content/uploads/2020/02/Aviation-Logistics-Transportation-Services.jpg]
[expresscourierlimited.com/wp-content/uploads/2020/02/Warehousing-for-Aviation-Industry.jpg]
[expresscourierlimited.com/industry-expertise/aviation-and-aerospace-logistics/index.html]
[expresscourierlimited.com/wp-json/wp/v2/pages/2048.json]
[expresscourierlimited.com/wp-content/cache/min/1/8e1ea4fa76474ef0722b11f58022504a.css]
[expresscourierlimited.com/wp-json/oembed/1.0/embedf8019f9a.json]
[expresscourierlimited.com/wp-content/uploads/2020/11/Automotive-Parts-Auto-Body-Parts-in-warehouse.jpg]
[expresscourierlimited.com/wp-content/uploads/2020/12/Omni-Logistics-Customer-Service-Center.jpg]
[expresscourierlimited.com/industry-expertise/automotive-supply-chain/index.html]
[expresscourierlimited.com/wp-json/wp/v2/pages/129.json]
[expresscourierlimited.com/wp-json/oembed/1.0/embed87ae0c29.json]
[expresscourierlimited.com/locations/index.html]
[expresscourierlimited.com/wp-json/wp/v2/pages/302.json]
[expresscourierlimited.com/wp-json/oembed/1.0/embede1490259.json]
[expresscourierlimited.com/about-us/leadership/index.html]
[expresscourierlimited.com/wp-json/wp/v2/pages/256.json]
[expresscourierlimited.com/wp-content/cache/min/1/57581bb24d7655524a8bf3dda6c1ef1d.css]
[expresscourierlimited.com/wp-json/oembed/1.0/embed515d1f9f.json]
[expresscourierlimited.com/about-us/company-introduction-culture/index.html]
[expresscourierlimited.com/wp-json/wp/v2/pages/284.json]
[expresscourierlimited.com/wp-json/oembed/1.0/embed3722b0bf.json]
[expresscourierlimited.com/wp-content/uploads/2020/02/Logistics-careers-around-you.jpg]
[expresscourierlimited.com/wp-content/uploads/2020/02/careers-in-operations.jpg]
[expresscourierlimited.com/wp-content/uploads/2020/02/careers-distribution.jpg]
[expresscourierlimited.com/about-us/careers/index.html]
[expresscourierlimited.com/wp-json/wp/v2/pages/127.json]
[expresscourierlimited.com/wp-content/cache/min/1/da6b93920d56cab11ab34add0cc38fc8.css]
[expresscourierlimited.com/wp-json/oembed/1.0/embede2e4973d.json]
[expresscourierlimited.com/contact-us/index.html]
[expresscourierlimited.com/wp-content/cache/min/1/052c7bdcee801e691439a4aa98491f9e.js]
[expresscourierlimited.com/wp-json/wp/v2/pages/124.json]
[expresscourierlimited.com/wp-content/cache/min/1/b59acb3a3ef121f2ab2003d0fea20320.css]
[expresscourierlimited.com/wp-json/oembed/1.0/embed5d436b5e.json]
[expresscourierlimited.com/resources/index.html]
[expresscourierlimited.com/wp-content/cache/min/1/df1f55322840b806b699c79fc88386b7.js]
[expresscourierlimited.com/wp-content/cache/min/1/574cb5b28dc68a23c9e8fd2dd5213410.css]
[expresscourierlimited.com/wp-json/wp/v2/pages/1937.json]
[expresscourierlimited.com/wp-json/oembed/1.0/embed83ff2ffa.json]
[expresscourierlimited.com/wp-content/uploads/2020/03/update-news-Young-Man-In-Casual-Cl-301743535.jpg]
[expresscourierlimited.com/company-updates/index.html]
[expresscourierlimited.com/wp-content/themes/omnilogistics/images/mouse-icon.svg]
[expresscourierlimited.com/wp-content/themes/omnilogistics/images/arrow-bottom.svg]
[expresscourierlimited.com/wp-content/uploads/2019/06/Omni_Logistics_32mb.mp4]
[expresscourierlimited.com/wp-json/wp/v2/pages/170.json]
[expresscourierlimited.com/wp-json/oembed/1.0/embed3e815fe5.json]
[expresscourierlimited.com/business-terms/index.html]
[expresscourierlimited.com/privacy-policy/feed/index.html]
[expresscourierlimited.com/wp-json/wp/v2/pages/3.json]
[expresscourierlimited.com/wp-json/oembed/1.0/embedb5bf6427.json]
[expresscourierlimited.com/privacy-policy/index.html]
[expresscourierlimited.com/wp-json/wp/v2/pages/7.json]
[expresscourierlimited.com/wp-json/oembed/1.0/embed55391049.json]
[expresscourierlimited.com/sitemap/index.html]
[expresscourierlimited.com/wp-content/plugins/gravityforms/js/jquery.json.minc947c947.js]
[expresscourierlimited.com/cdnjs.cloudflare.com/ajax/libs/OwlCarousel2/2.3.4/assets/owl.video.play.png]
[expresscourierlimited.com/cdnjs.cloudflare.com/ajax/libs/OwlCarousel2/2.3.4/assets/owl.carousel.min.css]
[expresscourierlimited.com/wp-content/plugins/webtoffee-gdpr-cookie-consent/public/images/cli_placeholder.svg]
[expresscourierlimited.com/wp-content/themes/omnilogistics/images/arrow-red.svg]
[expresscourierlimited.com/wp-content/themes/omnilogistics/images/btn-arrow.svg]
[expresscourierlimited.com/wp-content/plugins/elementor/assets/lib/eicons/fonts/eiconsa481a481.svg]
[expresscourierlimited.com/wp-content/cache/min/1/acf83042f86a6872579b8b75af4782b2.css]
[expresscourierlimited.com/index47f247f2.html]
[expresscourierlimited.com/wp-json/oembed/1.0/embed2815fa26.html]
[expresscourierlimited.com/omnilogisticsl.wpengine.com/wp-content/uploads/2021/01/freight-forwarding-header-banner.jpg]
[expresscourierlimited.com/wp-content/plugins/elementor/assets/lib/font-awesome/webfonts/fa-solid-900.eot]
[expresscourierlimited.com/wp-content/plugins/elementor/assets/lib/font-awesome/webfonts/fa-solid-900d41dd41d.eot]
[expresscourierlimited.com/wp-content/plugins/elementor/assets/lib/font-awesome/webfonts/fa-solid-900.woff2]
[expresscourierlimited.com/wp-content/plugins/elementor/assets/lib/font-awesome/webfonts/fa-solid-900.woff]
[expresscourierlimited.com/wp-content/plugins/elementor/assets/lib/font-awesome/webfonts/fa-solid-900.ttf]
[expresscourierlimited.com/wp-content/plugins/elementor/assets/lib/font-awesome/webfonts/fa-solid-900.svg]
[expresscourierlimited.com/wp-content/plugins/elementor/assets/lib/font-awesome/webfonts/fa-regular-400.eot]
[expresscourierlimited.com/wp-content/plugins/elementor/assets/lib/font-awesome/webfonts/fa-regular-400d41dd41d.eot]
[expresscourierlimited.com/wp-content/plugins/elementor/assets/lib/font-awesome/webfonts/fa-regular-400.woff2]
[expresscourierlimited.com/wp-content/plugins/elementor/assets/lib/font-awesome/webfonts/fa-regular-400.woff]
[expresscourierlimited.com/wp-content/plugins/elementor/assets/lib/font-awesome/webfonts/fa-regular-400.ttf]
[expresscourierlimited.com/wp-content/cache/min/1/f720905123361af2f87c61996bc5fe32.css]
[expresscourierlimited.com/index7cc77cc7.html]
[expresscourierlimited.com/wp-json/oembed/1.0/embed699254d3.html]
[expresscourierlimited.com/wp-content/cache/min/1/37f8011b755ca5643cd35e234f3d6e00.css]
[expresscourierlimited.com/indexccf0ccf0.html]
[expresscourierlimited.com/wp-json/oembed/1.0/embed7b9985f9.html]
[expresscourierlimited.com/industry-expertise/medical/index.html]
[expresscourierlimited.com/indexe9c6e9c6.html]
[expresscourierlimited.com/wp-json/oembed/1.0/embed82084963.html]
[expresscourierlimited.com/index86008600.html]
[expresscourierlimited.com/wp-json/oembed/1.0/embede09729d4.html]
[expresscourierlimited.com/index81468146.html]
[expresscourierlimited.com/wp-json/oembed/1.0/embed17fd6f9b.html]
[expresscourierlimited.com/index4c5b4c5b.html]
[expresscourierlimited.com/wp-json/oembed/1.0/embed09aff0ca.html]
[expresscourierlimited.com/indexbb4bbb4b.html]
[expresscourierlimited.com/wp-json/oembed/1.0/embed6d9d9842.html]
[expresscourierlimited.com/index08f308f3.html]
[expresscourierlimited.com/wp-json/oembed/1.0/embed7fa4a7ac.html]
[expresscourierlimited.com/wp-content/uploads/2020/02/Small-Package-Delivery-Express Courier Limited  -Employee.html]
[expresscourierlimited.com/wp-content/plugins/elementor/assets/lib/font-awesome/webfonts/fa-regular-400.svg]
[expresscourierlimited.com/omnilogisticsl.wpengine.com/wp-content/uploads/2021/01/warehousing-and-distribution-banner.jpg]
[expresscourierlimited.com/wp-content/cache/min/1/8fec511e89e8e0c13804b803bf0b0598.css]
[expresscourierlimited.com/index0ced0ced.html]
[expresscourierlimited.com/wp-json/oembed/1.0/embed3ff5d522.html]
[expresscourierlimited.com/our-solutions/specialized-services/index.html]
[marvel-b2-cdn.bc0a.com/marvel.js]
[www.omnilogistics.com/wp-content/plugins/webtoffee-gdpr-cookie-consent/public/css/cookie-law-info-publicb6db.css]
[www.omnilogistics.com/wp-content/plugins/webtoffee-gdpr-cookie-consent/public/css/cookie-law-info-gdprb6db.css]
[www.omnilogistics.com/wp-content/themes/omnilogistics/css/styles7406.css]
[www.omnilogistics.com/wp-includes/js/jquery/jquery.min9d52.js]
[www.omnilogistics.com/wp-content/plugins/webtoffee-gdpr-cookie-consent/public/js/cookie-law-info-publicb6db.js]
[www.omnilogistics.com/wp-content/plugins/webtoffee-gdpr-cookie-consent/admin/modules/ccpa/assets/js/cookie-law-info-ccpab6db.js]
[www.omnilogistics.com/wp-content/plugins/duracelltomi-google-tag-manager/js/gtm4wp-form-move-tracker0455.js]
[www.omnilogistics.com/wp-content/uploads/2019/04/omni_favicon.png]
[www.omnilogistics.com/wp-content/uploads/2020/11/omni_logistics_logo_tagline-1.png]
[www.omnilogistics.com/wp-content/uploads/2020/02/freight-forwarding-drop-down-199x93.jpg]
[www.omnilogistics.com/wp-content/uploads/2020/02/warehouse-and-distribution-dropdown-199x93.jpg]
[www.omnilogistics.com/wp-content/uploads/2020/02/specialized-services-dropdown-199x93.jpg]
[www.omnilogistics.com/wp-content/uploads/2019/05/dropdown4-new.jpg]
[www.omnilogistics.com/wp-content/uploads/2020/02/Technology-drop-down-199x93.jpg]
[www.omnilogistics.com/wp-content/uploads/2020/02/semiconductor-logistics-drop-down-199x93.jpg]
[www.omnilogistics.com/wp-content/uploads/2020/02/hi-tech-logistics-drop-down-199x93.jpg]
[www.omnilogistics.com/wp-content/uploads/2020/02/medical-device-drop-down-199x93.jpg]
[expresscourierlimited.com/our-solutions/technology/index-2.html]
[www.omnilogistics.com/wp-content/uploads/2019/05/shutterstock_691541095.png]
[expresscourierlimited.com/industry-expertise/high-tech-logistics/index-2.html]
[expresscourierlimited.com/industry-expertise/semiconductor-logistics/index-2.html]
[www.omnilogistics.com/wp-content/uploads/2020/02/e-commerce-drop-down-199x93.jpg]
[expresscourierlimited.com/industry-expertise/medical-device-logistics/index-2.html]
[expresscourierlimited.com/industry-expertise/life-science-logistics/index-2.html]
[expresscourierlimited.com/industry-expertise/e-commerce-logistics/index-2.html]
[expresscourierlimited.com/industry-expertise/retail-logistics/index-2.html]
[www.omnilogistics.com/wp-content/uploads/2020/02/retail-logistics-drop-down-199x93.jpg]
[www.omnilogistics.com/wp-content/uploads/2020/02/aviation-aerospace-drop-down-199x93.jpg]
[expresscourierlimited.com/industry-expertise/aviation-and-aerospace-logistics/index-2.html]
[www.omnilogistics.com/wp-content/uploads/2020/12/Automotive-Logistics-Menu-199x93.jpg]
[expresscourierlimited.com/industry-expertise/automotive-supply-chain/index-2.html]
[www.omnilogistics.com/wp-content/themes/omnilogistics/images/404.png]
[www.omnilogistics.com/wp-content/uploads/2020/11/omni_logistics_logo_tagline_reversed.png]
[www.google.com/recaptcha/api89ae.js]
[www.omnilogistics.com/wp-content/themes/omnilogistics/js/jquery.inputmask.bundle.min7406.js]
[www.omnilogistics.com/wp-content/themes/omnilogistics/js/jquery.inputmask-multi.min7406.js]
[www.omnilogistics.com/wp-content/themes/omnilogistics/js/init7406.js]
[www.omnilogistics.com/wp-content/themes/omnilogistics/js/jScrollability7406.js]
[www.omnilogistics.com/wp-content/plugins/gravityforms/js/jquery.json.minc947.js]
[www.omnilogistics.com/wp-content/plugins/gravityforms/js/gravityforms.minc947.js]
[expresscourierlimited.com/our-solutions/warehousing-distribution/_wp_link_placeholder.html]
[expresscourierlimited.com/index78497849.html]
[expresscourierlimited.com/wp-json/oembed/1.0/embed14339765.html]
[www.omnilogistics.com/wp-content/plugins/gravityforms/js/placeholders.jquery.minc947.js]
[expresscourierlimited.com/wp-json/wp/v2/pages/794.json]
[expresscourierlimited.com/wp-json/oembed/1.0/embedd2d5c62d.json]
[expresscourierlimited.com/wp-content/themes/omnilogistics/images/location-marker.png]
[expresscourierlimited.com/wp-content/themes/omnilogistics/images/phone-icon-blue.png]
[expresscourierlimited.com/locations/round-rock-texas/index.html]
[expresscourierlimited.com/wp-json/wp/v2/pages/784.json]
[expresscourierlimited.com/wp-json/oembed/1.0/embeda5875605.json]
[expresscourierlimited.com/locations/san-antonio-texas/index.html]
[expresscourierlimited.com/industry-expertise/e-commerce/index.html]
[expresscourierlimited.com/wp-json/wp/v2/pages/1356.json]
[expresscourierlimited.com/wp-json/oembed/1.0/embed0c4276f7.json]
[expresscourierlimited.com/wp-content/uploads/2020/02/LED-logistics-success.jpg]
[expresscourierlimited.com/wp-content/uploads/2020/02/Technician-testing-LED-lights-for-quality.jpg]
[expresscourierlimited.com/wp-content/uploads/2020/02/Global-Transportation-Solutions-for-LEDs-illustration.jpg]
[expresscourierlimited.com/wp-content/uploads/2020/02/Warehouse-for-LED-products.jpg]
[expresscourierlimited.com/wp-content/uploads/2020/02/LED-value-added-services.jpg]
[expresscourierlimited.com/wp-content/uploads/2020/02/Light-Emitting-Diode-Global-Compliance.jpg]
[expresscourierlimited.com/industry-expertise/led-lighting-logistics/index.html]
[expresscourierlimited.com/industry-expertise/semiconductor/index.html]
[expresscourierlimited.com/wp-json/wp/v2/pages/1371.json]
[expresscourierlimited.com/wp-json/oembed/1.0/embed3d0740a4.json]
[expresscourierlimited.com/wp-content/uploads/2020/02/Energy-Logistics-Single-Source-Provider.jpg]
[expresscourierlimited.com/wp-content/uploads/2020/02/Oil-and-Gas-Energy-Logistics-Cargo-Ship.jpg]
[expresscourierlimited.com/wp-content/uploads/2020/02/Airplane-Cargo-Specialized-Freight-Solutions.jpg]
[expresscourierlimited.com/wp-content/uploads/2020/02/Customer-Service-Support-24-7.jpg]
[expresscourierlimited.com/industry-expertise/energy-industry-logistics/index.html]
[expresscourierlimited.com/index27352735.html]
[expresscourierlimited.com/wp-json/oembed/1.0/embedf55d30d9.html]
[expresscourierlimited.com/index3d913d91.html]
[expresscourierlimited.com/wp-json/oembed/1.0/embedfaa13a6c.html]
[expresscourierlimited.com/index21692169.html]
[expresscourierlimited.com/wp-json/oembed/1.0/embed874be7bf.html]
[expresscourierlimited.com/index763e763e.html]
[expresscourierlimited.com/wp-json/oembed/1.0/embedef93b1d9.html]
[expresscourierlimited.com/index2cbe2cbe.html]
[expresscourierlimited.com/wp-json/oembed/1.0/embedae0482e8.html]
[expresscourierlimited.com/index9af79af7.html]
[expresscourierlimited.com/wp-json/oembed/1.0/embedb3deadb1.html]
[expresscourierlimited.com/wp-content/uploads/2020/02/Value-Added-Insourcing-Express Courier Limited  -Warehouse.html]
[expresscourierlimited.com/indexe0b9e0b9.html]
[expresscourierlimited.com/wp-json/oembed/1.0/embed0fe5ad10.html]
[expresscourierlimited.com/indexc052c052.html]
[expresscourierlimited.com/wp-json/oembed/1.0/embed46cf72e0.html]
[expresscourierlimited.com/wp-content/cache/min/1/5b7ed3a2188f1209127535aa36f5702a.css]
[expresscourierlimited.com/index46ab46ab.html]
[expresscourierlimited.com/wp-json/oembed/1.0/embed10e46c9f.html]
[expresscourierlimited.com/wp-content/cache/min/1/11f1c72d89ab5dc0a52c3f6b0340c8d1.css]
[expresscourierlimited.com/index2a8c2a8c.html]
[expresscourierlimited.com/wp-json/oembed/1.0/embedab9be933.html]
[expresscourierlimited.com/index03c903c9.html]
[expresscourierlimited.com/wp-json/oembed/1.0/embeda8c92aa6.html]
[expresscourierlimited.com/index9c499c49.html]
[expresscourierlimited.com/wp-json/oembed/1.0/embedd597b4c3.html]
[expresscourierlimited.com/index62d862d8.html]
[expresscourierlimited.com/wp-json/oembed/1.0/embed75be70fe.html]
[expresscourierlimited.com/index31a331a3.html]
[expresscourierlimited.com/wp-json/oembed/1.0/embed7ba648c2.html]
[expresscourierlimited.com/indexc1ccc1cc.html]
[expresscourierlimited.com/wp-json/oembed/1.0/embed0579b0d5.html]
[expresscourierlimited.com/indexd52dd52d.html]
[expresscourierlimited.com/wp-json/oembed/1.0/embede05f73ec.html]
[expresscourierlimited.com/indexa448a448.html]
[expresscourierlimited.com/wp-json/oembed/1.0/embedd3ce2ff4.html]
[expresscourierlimited.com/wp-content/uploads/2020/02/laboratory-medical-device-closeup.jpg]
[expresscourierlimited.com/index12c312c3.html]
[expresscourierlimited.com/wp-json/oembed/1.0/embed9cfe2e4d.html]
[expresscourierlimited.com/wp-content/uploads/2020/02/Specialized-Life-Science-Logistics-Warehouse.jpg]
[expresscourierlimited.com/wp-content/uploads/2020/02/ecommerce-warehouse-worker.jpg]
[expresscourierlimited.com/wp-json/wp/v2/pages/1342.json]
[expresscourierlimited.com/wp-content/uploads/2020/02/Customer-Service-Airplane-Logistics.jpg]
[expresscourierlimited.com/omnilogisticsl.wpengine.com/wp-content/uploads/2020/12/Automotive-Supply-Chain-Logistics-Header-Image.jpg]
[expresscourierlimited.com/wp-content/cache/min/1/8e1ea4fa76474ef0722b11f58022504a.css]
[expresscourierlimited.com/indexed1aed1a.html]
[expresscourierlimited.com/wp-json/oembed/1.0/embed5a3327a4.html]
[expresscourierlimited.com/wp-content/uploads/2020/11/Flat-Rack-Ocean-Shipment-Auto-Parts-Express Courier Limited  -Automotive-Logistics.html]
[expresscourierlimited.com/wp-content/uploads/2020/12/auto-engine-parts-for-replacement-Express Courier Limited  .html]
[expresscourierlimited.com/index1c001c00.html]
[expresscourierlimited.com/wp-json/oembed/1.0/embedce64852c.html]
[expresscourierlimited.com/index52e852e8.html]
[expresscourierlimited.com/wp-json/oembed/1.0/embedc9ac85c8.html]
[expresscourierlimited.com/omnilogisticsl.wpengine.com/wp-content/uploads/2019/11/Company-Culture-City-Skyline-blurred-BG.jpg]
[expresscourierlimited.com/wp-content/cache/min/1/57581bb24d7655524a8bf3dda6c1ef1d.css]
[expresscourierlimited.com/index03bd03bd.html]
[expresscourierlimited.com/wp-json/oembed/1.0/embedc2b6ce16.html]
[expresscourierlimited.com/index7b2c7b2c.html]
[expresscourierlimited.com/wp-json/oembed/1.0/embed054957c3.html]
[expresscourierlimited.com/wp-content/cache/min/1/da6b93920d56cab11ab34add0cc38fc8.css]
[expresscourierlimited.com/index97519751.html]
[expresscourierlimited.com/wp-json/oembed/1.0/embed2b3d8762.html]
[expresscourierlimited.com/omnilogisticsl.wpengine.com/wp-content/uploads/2019/04/resources-title-bg.jpg]
[omnilogisticsl.wpengine.com/wp-content/uploads/2020/02/electronic-device-case-study.jpg]
[expresscourierlimited.com/wp-content/cache/min/1/b59acb3a3ef121f2ab2003d0fea20320.css]
[expresscourierlimited.com/indexd4a6d4a6.html]
[expresscourierlimited.com/wp-json/oembed/1.0/embed20744a8f.html]
[expresscourierlimited.com/omnilogisticsl.wpengine.com/wp-content/uploads/2020/03/Updates-Business-People-on-computer-1.jpg]
[expresscourierlimited.com/wp-content/cache/min/1/574cb5b28dc68a23c9e8fd2dd5213410.css]
[expresscourierlimited.com/indexe600e600.html]
[expresscourierlimited.com/wp-json/oembed/1.0/embeda4c35475.html]
[expresscourierlimited.com/index5e745e74.html]
[expresscourierlimited.com/wp-json/oembed/1.0/embed6fcee049.html]
[expresscourierlimited.com/privacy-policy/feed/index.html]
[expresscourierlimited.com/index22072207.html]
[expresscourierlimited.com/wp-json/oembed/1.0/embed894e6437.html]
[expresscourierlimited.com/indexc4f7c4f7.html]
[expresscourierlimited.com/wp-json/oembed/1.0/embed39384d30.html]
[expresscourierlimited.com/wp-content/plugins/elementor/assets/lib/font-awesome/webfonts/fa-solid-900.svg]
[expresscourierlimited.com/wp-content/plugins/elementor/assets/lib/font-awesome/webfonts/fa-regular-400.svg]
[www.omnilogistics.com/wp-content/plugins/webtoffee-gdpr-cookie-consent/public/css/cookie-law-info-publicb6db.css]
[www.omnilogistics.com/wp-content/plugins/webtoffee-gdpr-cookie-consent/public/css/cookie-law-info-gdprb6db.css]
[cdnjs.cloudflare.com/ajax/libs/OwlCarousel2/2.3.4/assets/owl.carousel.min.css]
[www.omnilogistics.com/wp-content/themes/omnilogistics/images/arrow-select.png]
[www.omnilogistics.com/wp-content/themes/omnilogistics/images/reset.png]
[www.omnilogistics.com/wp-content/themes/omnilogistics/images/tracking-mobile-image.png]
[www.omnilogistics.com/wp-content/themes/omnilogistics/images/login-icon.png]
[www.omnilogistics.com/wp-content/themes/omnilogistics/images/search-icon.png]
[www.omnilogistics.com/wp-content/themes/omnilogistics/images/phone.png]
[www.omnilogistics.com/wp-content/themes/omnilogistics/images/menu-btn-icon.png]
[www.omnilogistics.com/wp-content/themes/omnilogistics/images/close-button.png]
[www.omnilogistics.com/wp-content/themes/omnilogistics/images/shipment.png]
[www.omnilogistics.com/wp-content/themes/omnilogistics/images/arrow-red.png]
[www.omnilogistics.com/wp-content/themes/omnilogistics/images/download_icon.gif]
[www.omnilogistics.com/wp-content/themes/omnilogistics/images/space-bg.jpg]
[www.omnilogistics.com/wp-content/themes/omnilogistics/images/slider-arrow.jpg]
[www.omnilogistics.com/wp-content/themes/omnilogistics/css/styles7406.css]
[www.omnilogistics.com/wp-content/plugins/wp-paginate/css/wp-paginate6b25.html]
[www.omnilogistics.com/wp-content/plugins/wp-retina-2x/app/picturefill.min27a0.html]
[expresscourierlimited.com/our-solutions/technology/index-2.html]
[expresscourierlimited.com/industry-expertise/semiconductor-logistics/index-2.html]
[expresscourierlimited.com/industry-expertise/high-tech-logistics/index-2.html]
[expresscourierlimited.com/industry-expertise/medical-device-logistics/index-2.html]
[expresscourierlimited.com/industry-expertise/life-science-logistics/index-2.html]
[expresscourierlimited.com/industry-expertise/e-commerce-logistics/index-2.html]
[expresscourierlimited.com/industry-expertise/retail-logistics/index-2.html]
[expresscourierlimited.com/industry-expertise/aviation-and-aerospace-logistics/index-2.html]
[expresscourierlimited.com/industry-expertise/automotive-supply-chain/index-2.html]
[www.omnilogistics.com/wp-content/plugins/gravityforms/images/spinner.html]
[expresscourierlimited.com/index3b2d3b2d.html]
[expresscourierlimited.com/wp-json/oembed/1.0/embed274461c2.html]
[expresscourierlimited.com/indexf9aef9ae.html]
[expresscourierlimited.com/wp-json/oembed/1.0/embedd5334292.html]
[expresscourierlimited.com/indexcbbecbbe.html]
[expresscourierlimited.com/wp-json/oembed/1.0/embed8c2992b6.html]
[expresscourierlimited.com/index90ee90ee.html]
[expresscourierlimited.com/wp-json/oembed/1.0/embed6b6e768d.html]
[code.tidio.co_443/umhcs11zyowawz03ycjpsi4myawb3tqz.js]
[code.tidio.co_443/3a7zywmgu5vyxtpkldqxz5mwhevzhjiq.js]
[cdnjs.cloudflare.com/ajax/libs/OwlCarousel2/2.3.4/assets/owl.carousel.min.css]
[cdnjs.cloudflare.com/ajax/libs/OwlCarousel2/2.3.4/assets/owl.video.play.png]
